graph LR
  agentcfg["Agent wiring"]
  beads["Beads adapter"]
  bootstrap["Bootstrap"]
  c4["C4 parser + diff"]
  cli["CLI"]
  cmake["CMake analyzer"]
  config["Config"]
  consistency["Consistency checks"]
  delta["Delta engine"]
  deploy["Deployable detector"]
  distill["Distiller"]
  doctor["Doctor"]
  engine["Engine"]
  eval["Eval"]
  evidence["Evidence tiers"]
  gitutil["Git plumbing"]
  goimports["Go import analyzer"]
  icepanel["IcePanel projection"]
  knowledge["Knowledge reader"]
  localmem["Working memory"]
  mapping["File->component mapper"]
  mcp["MCP server"]
  model_["Domain model"]
  modelfacts["Model facts"]
  narrative["LLM narrative"]
  notion["Notion projection"]
  nudge["Capture nudge"]
  obsidian["Obsidian vault"]
  promote["Promoter"]
  pyimports["Python analyzer"]
  ratify["Ratifier"]
  reinforce["Reinforcer"]
  render["Renderer"]
  retrieval["Retrieval"]
  scaffold["Scaffold"]
  significance["Significance classifier"]
  skillopt["Skill-optimizer export"]
  skills["Skill distribution"]
  trailers["Trailer parser"]
  tsdeps["TS analyzer"]
  usage["Usage log"]
  beads --> gitutil
  beads --> model_
  bootstrap --> cmake
  bootstrap --> gitutil
  bootstrap --> goimports
  bootstrap --> mapping
  bootstrap --> model_
  bootstrap --> pyimports
  bootstrap --> tsdeps
  c4 --> model_
  cli --> agentcfg
  cli --> c4
  cli --> config
  cli --> consistency
  cli --> deploy
  cli --> distill
  cli --> doctor
  cli --> engine
  cli --> icepanel
  cli --> knowledge
  cli --> localmem
  cli --> mcp
  cli --> model_
  cli --> modelfacts
  cli --> notion
  cli --> nudge
  cli --> obsidian
  cli --> promote
  cli --> ratify
  cli --> reinforce
  cli --> render
  cli --> retrieval
  cli --> scaffold
  cli --> skillopt
  cli --> skills
  cli --> trailers
  cli --> usage
  consistency --> c4
  consistency --> cmake
  consistency --> evidence
  consistency --> gitutil
  consistency --> goimports
  consistency --> knowledge
  consistency --> mapping
  consistency --> model_
  consistency --> modelfacts
  consistency --> pyimports
  consistency --> trailers
  consistency --> tsdeps
  delta --> beads
  delta --> c4
  delta --> gitutil
  delta --> knowledge
  delta --> mapping
  delta --> model_
  distill --> gitutil
  distill --> knowledge
  distill --> model_
  distill --> trailers
  doctor --> bootstrap
  doctor --> c4
  doctor --> config
  doctor --> gitutil
  doctor --> knowledge
  doctor --> mapping
  doctor --> model_
  doctor --> modelfacts
  engine --> config
  engine --> consistency
  engine --> delta
  engine --> distill
  engine --> evidence
  engine --> gitutil
  engine --> goimports
  engine --> knowledge
  engine --> mapping
  engine --> model_
  engine --> narrative
  engine --> significance
  engine --> trailers
  eval --> engine
  eval --> model_
  evidence --> bootstrap
  evidence --> knowledge
  evidence --> model_
  evidence --> tsdeps
  gitutil --> model_
  icepanel --> model_
  knowledge --> gitutil
  knowledge --> model_
  localmem --> gitutil
  mapping --> model_
  mcp --> gitutil
  mcp --> retrieval
  mcp --> usage
  modelfacts --> cmake
  modelfacts --> deploy
  modelfacts --> gitutil
  narrative --> model_
  notion --> knowledge
  notion --> model_
  nudge --> c4
  nudge --> config
  nudge --> gitutil
  nudge --> mapping
  nudge --> model_
  nudge --> significance
  nudge --> trailers
  obsidian --> knowledge
  obsidian --> model_
  promote --> config
  promote --> distill
  promote --> gitutil
  promote --> knowledge
  promote --> model_
  ratify --> knowledge
  ratify --> model_
  reinforce --> knowledge
  reinforce --> model_
  render --> c4
  render --> model_
  retrieval --> c4
  retrieval --> config
  retrieval --> evidence
  retrieval --> gitutil
  retrieval --> knowledge
  retrieval --> localmem
  retrieval --> mapping
  retrieval --> model_
  retrieval --> trailers
  scaffold --> bootstrap
  scaffold --> gitutil
  significance --> model_
  skillopt --> knowledge
  skillopt --> model_
  trailers --> model_
  usage --> config
  usage --> gitutil
  usage --> retrieval
